Microchip MPLAB XC8 Compiler V2.45

Linker command line:

-W-3 \
  --edf=C:\Program Files\Microchip\xc8\v2.45\pic\dat\20230818022343_en.msgs \
  -cn -h+dist/default/production\CAR_BLACK_BOX_PROJECT.X.production.sym \
  --cmf=dist/default/production\CAR_BLACK_BOX_PROJECT.X.production.cmf -z \
  -Q18F4580 -oC:\Users\LENOVO\AppData\Local\Temp\xcAs4rc.\driver_tmp_3.o \
  --defsym=__MPLAB_BUILD=1 --fixupoverflow=error \
  -Mdist/default/production/CAR_BLACK_BOX_PROJECT.X.production.map \
  --md=C:\Users\LENOVO\AppData\Local\Temp\xcAs4rc.\driver_tmp_0.dat -E1 \
  -ver=XC8 Compiler --acfsm=1493 -ACODE=00h-03000h -ACONST=00h-03000h \
  -ASMALLCONST=0600h-06FFhx42,03000h-03000h -AMEDIUMCONST=0600h-03000h \
  -ACOMRAM=01h-05Fh -AABS1=00h-05FFh -ABIGRAM=01h-05FFh \
  -ARAM=060h-0FFh,0100h-01FFhx5 -ABANK0=060h-0FFh -ABANK1=0100h-01FFh \
  -ABANK2=0200h-02FFh -ABANK3=0300h-03FFh -ABANK4=0400h-04FFh \
  -ABANK5=0500h-05FFh -ASFR=0D00h-0DFFhx2,0F00h-0F5Fh,0F60h-0FFFh \
  -ABIGSFR=0D00h-0FFFh -ACONFIG=0300000h-030000Dh -AIDLOC=0200000h-0200007h \
  -AEEDATA=0F00000h-0F000FFh -peeprom_data=EEDATA \
  -preset_vec=00h,intcode=08h,intcodelo,powerup,init -pramtop=0600h \
  -psmallconst=SMALLCONST -pmediumconst=MEDIUMCONST -pconst=CONST \
  -AFARRAM=00h-00h \
  -prdata=COMRAM,nvrram=COMRAM,nvbit=COMRAM,rbss=COMRAM,rbit=COMRAM \
  -pfarbss=FARRAM,fardata=FARRAM,nvFARRAM=FARRAM \
  -pintsave_regs=BIGRAM,bigbss=BIGRAM,bigdata=BIGRAM -pbss=RAM \
  -pidata=CODE,irdata=CODE,ibigdata=CODE,ifardata=CODE -prparam=COMRAM \
  C:\Users\LENOVO\AppData\Local\Temp\xcAs4rc.\driver_tmp_9.o \
  dist/default/production\CAR_BLACK_BOX_PROJECT.X.production.o 

Object code version is 3.11

Machine type is 18F4580



                Name                               Link     Load   Length Selector   Space Scale
C:\Users\LENOVO\AppData\Local\Temp\xcAs4rc.\driver_tmp_9.o
                idloc                            200000   200000        8        0       5
                config                           300000   300000        E        0       4
                init                                  E        E        4        4       0
                reset_vec                             0        0        4        0       0
dist/default/production\CAR_BLACK_BOX_PROJECT.X.production.o
                intcode                               8        8        6        4       0
                idloc                            200000   200000        8        0       5
                config                           300000   300000        E        0       4
                temp                                 5D       5D        1        1       1
                mediumconst                        2E94     2E94      16C     174A       0
                intcode_body                       2A1A     2A1A       4E        4       0
                text41                             2470     2470       C4        4       0
                text40                             2534     2534       B0        4       0
                text39                             1D14     1D14      39A        4       0
                text38                             236A     236A      106        4       0
                text37                             2806     2806       74        4       0
                text36                             29B6     29B6       64        4       0
                text35                             2C80     2C80       26        4       0
                text34                             20AE     20AE      1B4        4       0
                text33                             2B32     2B32       3A        4       0
                text32                             2D00     2D00       18        4       0
                text31                             28E6     28E6       6C        4       0
                text30                             2D90     2D90       10        4       0
                text29                             2DD8     2DD8        6        4       0
                text28                             2D7E     2D7E       12        4       0
                text27                             2DD0     2DD0        8        4       0
                text26                             2DAC     2DAC        C        4       0
                text25                             2DC8     2DC8        8        4       0
                text24                             2DC0     2DC0        8        4       0
                text23                             2DB8     2DB8        8        4       0
                text22                             2DA0     2DA0        C        4       0
                text21                             2C56     2C56       2A        4       0
                text20                             2710     2710       80        4       0
                text19                             2CA6     2CA6       20        4       0
                text18                             25E4     25E4       A8        4       0
                text17                             2CC6     2CC6       1E        4       0
                text16                             2AAE     2AAE       44        4       0
                text15                             2D44     2D44       16        4       0
                text14                             2D6C     2D6C       12        4       0
                text13                             2D2E     2D2E       16        4       0
                text12                             2CE4     2CE4       1C        4       0
                text11                             2C2C     2C2C       2A        4       0
                text10                             2D18     2D18       16        4       0
                text9                              2B6C     2B6C       36        4       0
                text8                              2A68     2A68       46        4       0
                text7                              2C02     2C02       2A        4       0
                text6                              2D5A     2D5A       12        4       0
                text5                              2262     2262      108        4       0
                text4                              2790     2790       76        4       0
                text3                              287A     287A       6C        4       0
                text2                              2AF2     2AF2       40        4       0
                text1                              2BD2     2BD2       30        4       0
                text0                                12       12     1D02        4       0
                cstackCOMRAM                          1        1       3B        1       1
                cstackBANK1                         100      100       B0      100       1
                dataBANK1                           1B0      1B0       30      100       1
                bssBANK1                            1E0      1E0       17      100       1
                dataBANK0                            60       60       64       60       1
                dataCOMRAM                           5A       5A        3        1       1
                bssCOMRAM                            3C       3C       1E        1       1
                cinit                              268C     268C       84        4       0
                idataBANK1                         2BA2     2BA2       30        4       0
                idataBANK0                         2952     2952       64        4       0
                idataCOMRAM                        2DDE     2DDE        3        4       0

TOTAL           Name                               Link     Load   Length     Space
        CLASS   CODE           
                intcode                               8        8        6         0
                init                                  E        E        4         0
                reset_vec                             0        0        4         0
                intcode_body                       2A1A     2A1A       4E         0
                text41                             2470     2470       C4         0
                text40                             2534     2534       B0         0
                text39                             1D14     1D14      39A         0
                text38                             236A     236A      106         0
                text37                             2806     2806       74         0
                text36                             29B6     29B6       64         0
                text35                             2C80     2C80       26         0
                text34                             20AE     20AE      1B4         0
                text33                             2B32     2B32       3A         0
                text32                             2D00     2D00       18         0
                text31                             28E6     28E6       6C         0
                text30                             2D90     2D90       10         0
                text29                             2DD8     2DD8        6         0
                text28                             2D7E     2D7E       12         0
                text27                             2DD0     2DD0        8         0
                text26                             2DAC     2DAC        C         0
                text25                             2DC8     2DC8        8         0
                text24                             2DC0     2DC0        8         0
                text23                             2DB8     2DB8        8         0
                text22                             2DA0     2DA0        C         0
                text21                             2C56     2C56       2A         0
                text20                             2710     2710       80         0
                text19                             2CA6     2CA6       20         0
                text18                             25E4     25E4       A8         0
                text17                             2CC6     2CC6       1E         0
                text16                             2AAE     2AAE       44         0
                text15                             2D44     2D44       16         0
                text14                             2D6C     2D6C       12         0
                text13                             2D2E     2D2E       16         0
                text12                             2CE4     2CE4       1C         0
                text11                             2C2C     2C2C       2A         0
                text10                             2D18     2D18       16         0
                text9                              2B6C     2B6C       36         0
                text8                              2A68     2A68       46         0
                text7                              2C02     2C02       2A         0
                text6                              2D5A     2D5A       12         0
                text5                              2262     2262      108         0
                text4                              2790     2790       76         0
                text3                              287A     287A       6C         0
                text2                              2AF2     2AF2       40         0
                text1                              2BD2     2BD2       30         0
                text0                                12       12     1D02         0
                cinit                              268C     268C       84         0
                idataBANK1                         2BA2     2BA2       30         0
                idataBANK0                         2952     2952       64         0
                idataCOMRAM                        2DDE     2DDE        3         0

        CLASS   CONST          

        CLASS   SMALLCONST     

        CLASS   MEDIUMCONST    
                mediumconst                        2E94     2E94      16C         0

        CLASS   COMRAM         
                temp                                 5D       5D        1         1
                cstackCOMRAM                          1        1       3B         1
                dataCOMRAM                           5A       5A        3         1
                bssCOMRAM                            3C       3C       1E         1

        CLASS   ABS1           

        CLASS   BIGRAM         

        CLASS   RAM            

        CLASS   BANK0          
                dataBANK0                            60       60       64         1

        CLASS   BANK1          
                cstackBANK1                         100      100       B0         1
                dataBANK1                           1B0      1B0       30         1
                bssBANK1                            1E0      1E0       17         1

        CLASS   BANK2          

        CLASS   BANK3          

        CLASS   BANK4          

        CLASS   BANK5          

        CLASS   SFR            

        CLASS   BIGSFR         

        CLASS   CONFIG         
                config                           300000   300000        E         4

        CLASS   IDLOC          
                idloc                            200000   200000        8         5

        CLASS   EEDATA         

        CLASS   FARRAM         

        CLASS   HEAP           

        CLASS   STACK          



SEGMENTS        Name                           Load    Length   Top    Selector   Space  Class

                reset_vec                      000000  000004  000004         0       0  CODE    
                cstackCOMRAM                   000001  00005D  00005E         1       1  COMRAM  
                intcode                        000008  002DD9  002DE1         4       0  CODE    
                dataBANK0                      000060  000064  0000C4        60       1  BANK0   
                cstackBANK1                    000100  0000F7  0001F7       100       1  BANK1   
                mediumconst                    002E94  00016C  003000      174A       0  MEDIUMCO


UNUSED ADDRESS RANGES

        Name                Unused          Largest block    Delta
        BANK0            0000C4-0000FF               3C
        BANK1            0001F7-0001FF                9
        BANK2            000200-0002FF              100
        BANK3            000300-0003FF              100
        BANK4            000400-0004FF              100
        BANK5            000500-0005FF              100
        BIGRAM           00005E-00005F                2
                         0000C4-0000FF               3C
                         0001F7-0005FF              409
        BIGSFR           000D00-000FFF              300
        CODE             000004-000007                4
                         002DE1-002E93               B3
                         003000-003000                1
        COMRAM           00005E-00005F                2
        CONST            000004-000007                4
                         002DE1-002E93               B3
                         003000-003000                1
        EEDATA           F00000-F000FF              100
        MEDIUMCONST      002DE1-002E93               B3
                         003000-003000                1
        RAM              0000C4-0000FF               3C
                         0001F7-0005FF              100
        SFR              000D00-000FFF              100
        SMALLCONST       002DE1-002E93               1F
                         003000-003000                1

                                  Symbol Table

?___awdiv                      cstackCOMRAM 000001
?___awmod                      cstackCOMRAM 000009
?___fldiv                      cstackCOMRAM 000016
?___fltol                      cstackCOMRAM 00002F
?___lwdiv                      cstackCOMRAM 000001
?___lwmod                      cstackCOMRAM 000001
?___wmul                       cstackCOMRAM 000001
?___xxtofl                     cstackCOMRAM 000008
?_read_adc                     cstackCOMRAM 000001
?_strcmp                       cstackCOMRAM 000001
_ABDEN                         (abs)        007DC0
_ABDOVF                        (abs)        007DC7
_ACKDT                         (abs)        007E2D
_ACKEN                         (abs)        007E2C
_ACKSTAT                       (abs)        007E2E
_ACQT0                         (abs)        007E03
_ACQT1                         (abs)        007E04
_ACQT2                         (abs)        007E05
_ADCON0                        (abs)        000FC2
_ADCON1                        (abs)        000FC1
_ADCS0                         (abs)        007E00
_ADCS1                         (abs)        007E01
_ADCS2                         (abs)        007E02
_ADFM                          (abs)        007E07
_ADON                          (abs)        007E10
_ADRESH                        (abs)        000FC4
_ADRESL                        (abs)        000FC3
_BCLIF                         (abs)        007D0B
_BRG16                         (abs)        007DC3
_BRGH                          (abs)        007D62
_CKE                           (abs)        007E3E
_CREN                          (abs)        007D5C
_EEADR                         (abs)        000FA9
_EECON1bits                    (abs)        000FA6
_EECON2                        (abs)        000FA7
_EEDATA                        (abs)        000FA8
_GIE                           (abs)        007F97
_GO                            (abs)        007E11
_GODONE                        (abs)        007E11
_PEIE                          (abs)        007F96
_PEN                           (abs)        007E2A
_PIR2bits                      (abs)        000FA1
_PORTB                         (abs)        000F81
_PORTBbits                     (abs)        000F81
_PORTD                         (abs)        000F83
_PSA                           (abs)        007EAB
_RBPU                          (abs)        007F8F
_RC0                           (abs)        007C10
_RC1                           (abs)        007C11
_RC2                           (abs)        007C12
_RCEN                          (abs)        007E2B
_RCIE                          (abs)        007CED
_RCIF                          (abs)        007CF5
_RCREG                         (abs)        000FAE
_RD7                           (abs)        007C1F
_RSEN                          (abs)        007E29
_RX9                           (abs)        007D5E
_SEN                           (abs)        007E28
_SENDB                         (abs)        007D63
_SMP                           (abs)        007E3F
_SPBRG                         (abs)        000FAF
_SPEN                          (abs)        007D5F
_SSPADD                        (abs)        000FC8
_SSPBUF                        (abs)        000FC9
_SSPCON1                       (abs)        000FC6
_SSPIF                         (abs)        007CF3
_SYNC                          (abs)        007D64
_T08BIT                        (abs)        007EAE
_T0CS                          (abs)        007EAD
_TMR0                          (abs)        000FD6
_TMR0IE                        (abs)        007F95
_TMR0IF                        (abs)        007F92
_TMR0ON                        (abs)        007EAF
_TRISB                         (abs)        000F93
_TRISC                         (abs)        000F94
_TRISC3                        (abs)        007CA3
_TRISC4                        (abs)        007CA4
_TRISC6                        (abs)        007CA6
_TRISC7                        (abs)        007CA7
_TRISD                         (abs)        000F95
_TRISD7                        (abs)        007CAF
_TX9                           (abs)        007D66
_TXEN                          (abs)        007D65
_TXIE                          (abs)        007CEC
_TXIF                          (abs)        007CF4
_TXREG                         (abs)        000FAD
_VCFG0                         (abs)        007E0C
_VCFG1                         (abs)        007E0D
_WUE                           (abs)        007DC1
__HRAM                         (abs)        000000
__H__absolute__                __absolute__ 000000
__Habs1                        abs1         000000
__Hbank0                       bank0        000000
__Hbank1                       bank1        000000
__Hbank2                       bank2        000000
__Hbank3                       bank3        000000
__Hbank4                       bank4        000000
__Hbank5                       bank5        000000
__Hbigbss                      bigbss       000000
__Hbigdata                     bigdata      000000
__Hbigram                      bigram       000000
__Hbigsfr                      bigsfr       000000
__Hbss                         bss          000000
__HbssBANK1                    bssBANK1     000000
__HbssCOMRAM                   bssCOMRAM    000000
__Hcinit                       cinit        000000
__Hclrtext                     clrtext      000000
__Hcomram                      comram       000000
__Hconfig                      config       30000E
__Hconst                       const        000000
__HcstackBANK1                 cstackBANK1  000000
__HcstackCOMRAM                cstackCOMRAM 000000
__Hdata                        data         000000
__HdataBANK0                   dataBANK0    000000
__HdataBANK1                   dataBANK1    000000
__HdataCOMRAM                  dataCOMRAM   000000
__Heeprom_data                 eeprom_data  000000
__Hfarbss                      farbss       000000
__Hfardata                     fardata      000000
__Hheap                        heap         000000
__Hibigdata                    ibigdata     000000
__Hidata                       idata        000000
__HidataBANK0                  idataBANK0   000000
__HidataBANK1                  idataBANK1   000000
__HidataCOMRAM                 idataCOMRAM  000000
__Hidloc                       idloc        200008
__Hifardata                    ifardata     000000
__Hinit                        init         000012
__Hintcode                     intcode      00000E
__Hintcode_body                intcode_body 000000
__Hintcodelo                   intcodelo    00000E
__Hintentry                    intentry     000000
__Hintret                      intret       000000
__Hintsave_regs                intsave_regs 000000
__Hirdata                      irdata       000000
__Hmediumconst                 mediumconst  003000
__HnvFARRAM                    nvFARRAM     000000
__Hnvbit                       nvbit        000000
__Hnvrram                      nvrram       000000
__Hparam                       rparam       000000
__Hpowerup                     powerup      00000E
__Hram                         ram          000000
__Hramtop                      ramtop       000600
__Hrbit                        rbit         000000
__Hrbss                        rbss         000000
__Hrdata                       rdata        000000
__Hreset_vec                   reset_vec    000004
__Hrparam                      rparam       000000
__Hsfr                         sfr          000000
__Hsmallconst                  smallconst   000000
__Hspace_0                     (abs)        003000
__Hspace_1                     (abs)        0001F7
__Hspace_2                     (abs)        000000
__Hspace_4                     (abs)        60000E
__Hstack                       stack        000000
__Hstruct                      struct       000000
__Htemp                        temp         00005E
__Htext                        text         000000
__Htext0                       text0        000000
__Htext1                       text1        000000
__Htext10                      text10       000000
__Htext11                      text11       000000
__Htext12                      text12       000000
__Htext13                      text13       000000
__Htext14                      text14       000000
__Htext15                      text15       000000
__Htext16                      text16       000000
__Htext17                      text17       000000
__Htext18                      text18       000000
__Htext19                      text19       000000
__Htext2                       text2        000000
__Htext20                      text20       000000
__Htext21                      text21       000000
__Htext22                      text22       000000
__Htext23                      text23       000000
__Htext24                      text24       000000
__Htext25                      text25       000000
__Htext26                      text26       000000
__Htext27                      text27       000000
__Htext28                      text28       000000
__Htext29                      text29       000000
__Htext3                       text3        000000
__Htext30                      text30       000000
__Htext31                      text31       000000
__Htext32                      text32       000000
__Htext33                      text33       000000
__Htext34                      text34       000000
__Htext35                      text35       000000
__Htext36                      text36       000000
__Htext37                      text37       000000
__Htext38                      text38       000000
__Htext39                      text39       000000
__Htext4                       text4        000000
__Htext40                      text40       000000
__Htext41                      text41       000000
__Htext5                       text5        000000
__Htext6                       text6        000000
__Htext7                       text7        000000
__Htext8                       text8        000000
__Htext9                       text9        000000
__LRAM                         (abs)        000001
__L__absolute__                __absolute__ 000000
__Labs1                        abs1         000000
__Lbank0                       bank0        000000
__Lbank1                       bank1        000000
__Lbank2                       bank2        000000
__Lbank3                       bank3        000000
__Lbank4                       bank4        000000
__Lbank5                       bank5        000000
__Lbigbss                      bigbss       000000
__Lbigdata                     bigdata      000000
__Lbigram                      bigram       000000
__Lbigsfr                      bigsfr       000000
__Lbss                         bss          000000
__LbssBANK1                    bssBANK1     000000
__LbssCOMRAM                   bssCOMRAM    000000
__Lcinit                       cinit        000000
__Lclrtext                     clrtext      000000
__Lcomram                      comram       000000
__Lconfig                      config       000000
__Lconst                       const        000000
__LcstackBANK1                 cstackBANK1  000000
__LcstackCOMRAM                cstackCOMRAM 000000
__Ldata                        data         000000
__LdataBANK0                   dataBANK0    000000
__LdataBANK1                   dataBANK1    000000
__LdataCOMRAM                  dataCOMRAM   000000
__Leeprom_data                 eeprom_data  000000
__Lfarbss                      farbss       000000
__Lfardata                     fardata      000000
__Lheap                        heap         000000
__Libigdata                    ibigdata     000000
__Lidata                       idata        000000
__LidataBANK0                  idataBANK0   000000
__LidataBANK1                  idataBANK1   000000
__LidataCOMRAM                 idataCOMRAM  000000
__Lidloc                       idloc        000000
__Lifardata                    ifardata     000000
__Linit                        init         00000E
__Lintcode                     intcode      000008
__Lintcode_body                intcode_body 000000
__Lintcodelo                   intcodelo    00000E
__Lintentry                    intentry     000000
__Lintret                      intret       000000
__Lintsave_regs                intsave_regs 000000
__Lirdata                      irdata       000000
__Lmediumconst                 mediumconst  002E94
__LnvFARRAM                    nvFARRAM     000000
__Lnvbit                       nvbit        000000
__Lnvrram                      nvrram       000000
__Lparam                       rparam       000000
__Lpowerup                     powerup      00000E
__Lram                         ram          000000
__Lramtop                      ramtop       000600
__Lrbit                        rbit         000000
__Lrbss                        rbss         000000
__Lrdata                       rdata        000000
__Lreset_vec                   reset_vec    000000
__Lrparam                      rparam       000000
__Lsfr                         sfr          000000
__Lsmallconst                  smallconst   000000
__Lspace_0                     (abs)        000000
__Lspace_1                     (abs)        000000
__Lspace_2                     (abs)        000000
__Lspace_4                     (abs)        000000
__Lstack                       stack        000000
__Lstruct                      struct       000000
__Ltemp                        temp         00005D
__Ltext                        text         000000
__Ltext0                       text0        000000
__Ltext1                       text1        000000
__Ltext10                      text10       000000
__Ltext11                      text11       000000
__Ltext12                      text12       000000
__Ltext13                      text13       000000
__Ltext14                      text14       000000
__Ltext15                      text15       000000
__Ltext16                      text16       000000
__Ltext17                      text17       000000
__Ltext18                      text18       000000
__Ltext19                      text19       000000
__Ltext2                       text2        000000
__Ltext20                      text20       000000
__Ltext21                      text21       000000
__Ltext22                      text22       000000
__Ltext23                      text23       000000
__Ltext24                      text24       000000
__Ltext25                      text25       000000
__Ltext26                      text26       000000
__Ltext27                      text27       000000
__Ltext28                      text28       000000
__Ltext29                      text29       000000
__Ltext3                       text3        000000
__Ltext30                      text30       000000
__Ltext31                      text31       000000
__Ltext32                      text32       000000
__Ltext33                      text33       000000
__Ltext34                      text34       000000
__Ltext35                      text35       000000
__Ltext36                      text36       000000
__Ltext37                      text37       000000
__Ltext38                      text38       000000
__Ltext39                      text39       000000
__Ltext4                       text4        000000
__Ltext40                      text40       000000
__Ltext41                      text41       000000
__Ltext5                       text5        000000
__Ltext6                       text6        000000
__Ltext7                       text7        000000
__Ltext8                       text8        000000
__Ltext9                       text9        000000
__S0                           (abs)        003000
__S1                           (abs)        0001F7
__S4                           (abs)        000000
__S5                           (abs)        000000
___awdiv                       text41       002470
___awdiv@counter               cstackCOMRAM 000005
___awdiv@dividend              cstackCOMRAM 000001
___awdiv@divisor               cstackCOMRAM 000003
___awdiv@quotient              cstackCOMRAM 000007
___awdiv@sign                  cstackCOMRAM 000006
___awmod                       text40       002534
___awmod@counter               cstackCOMRAM 00000D
___awmod@dividend              cstackCOMRAM 000009
___awmod@divisor               cstackCOMRAM 00000B
___awmod@sign                  cstackCOMRAM 00000E
___fldiv                       text39       001D14
___fldiv@a                     cstackCOMRAM 00001A
___fldiv@aexp                  cstackCOMRAM 00002E
___fldiv@b                     cstackCOMRAM 000016
___fldiv@bexp                  cstackCOMRAM 00002D
___fldiv@grs                   cstackCOMRAM 000029
___fldiv@new_exp               cstackCOMRAM 000027
___fldiv@rem                   cstackCOMRAM 000022
___fldiv@sign                  cstackCOMRAM 000026
___fltol                       text38       00236A
___fltol@exp1                  cstackCOMRAM 000038
___fltol@f1                    cstackCOMRAM 00002F
___fltol@sign1                 cstackCOMRAM 000037
___heap_hi                     (abs)        000000
___heap_lo                     (abs)        000000
___inthi_sp                    stack        000000
___inthi_stack_hi              stack        000000
___inthi_stack_lo              stack        000000
___intlo_sp                    stack        000000
___intlo_stack_hi              stack        000000
___intlo_stack_lo              stack        000000
___lwdiv                       text37       002806
___lwdiv@counter               cstackCOMRAM 000007
___lwdiv@dividend              cstackCOMRAM 000001
___lwdiv@divisor               cstackCOMRAM 000003
___lwdiv@quotient              cstackCOMRAM 000005
___lwmod                       text36       0029B6
___lwmod@counter               cstackCOMRAM 000005
___lwmod@dividend              cstackCOMRAM 000001
___lwmod@divisor               cstackCOMRAM 000003
___param_bank                  (abs)        000000
___rparam_used                 (abs)        000001
___sp                          stack        000000
___stack_hi                    stack        000000
___stack_lo                    stack        000000
___wmul                        text35       002C80
___wmul@multiplicand           cstackCOMRAM 000003
___wmul@multiplier             cstackCOMRAM 000001
___wmul@product                cstackCOMRAM 000005
___xxtofl                      text34       0020AE
___xxtofl@arg                  cstackCOMRAM 000012
___xxtofl@exp                  cstackCOMRAM 000011
___xxtofl@sign                 cstackCOMRAM 000010
___xxtofl@val                  cstackCOMRAM 000008
__accesstop                    (abs)        000060
__activetblptr                 (abs)        000002
__end_of___awdiv               text41       002534
__end_of___awmod               text40       0025E4
__end_of___fldiv               text39       0020AE
__end_of___fltol               text38       002470
__end_of___lwdiv               text37       00287A
__end_of___lwmod               text36       002A1A
__end_of___wmul                text35       002CA6
__end_of___xxtofl              text34       002262
__end_of__initialization       cinit        002702
__end_of_clcd_print            text31       002952
__end_of_clcd_putch            text32       002D18
__end_of_clcd_write            text33       002B6C
__end_of_display_time          text30       002DA0
__end_of_get_time              text20       002790
__end_of_i2c_idle              text28       002D90
__end_of_i2c_no_ack            text29       002DDE
__end_of_i2c_read              text26       002DB8
__end_of_i2c_rep_start         text25       002DD0
__end_of_i2c_rx_mode           text27       002DD8
__end_of_i2c_start             text24       002DC8
__end_of_i2c_stop              text23       002DC0
__end_of_i2c_write             text22       002DAC
__end_of_init_adc              text19       002CC6
__end_of_init_clcd             text18       00268C
__end_of_init_config           text12       002D00
__end_of_init_ds1307           text16       002AF2
__end_of_init_i2c              text15       002D5A
__end_of_init_matrix_keypad    text14       002D7E
__end_of_init_timer0           text13       002D44
__end_of_init_uart             text11       002C56
__end_of_isr                   intcode_body 002A68
__end_of_main                  text0        001D14
__end_of_putch                 text10       002D2E
__end_of_puts                  text9        002BA2
__end_of_read_adc              text8        002AAE
__end_of_read_ds1307           text21       002C80
__end_of_read_ext_eeprom       text7        002C2C
__end_of_read_internal_eeprom  text6        002D6C
__end_of_read_switches         text4        002806
__end_of_scan_key              text5        00236A
__end_of_strcmp                text3        0028E6
__end_of_write_ds1307          text17       002CE4
__end_of_write_ext_eeprom      text2        002B32
__end_of_write_internal_eeprom text1        002C02
__initialization               cinit        00268C
__mediumconst                  mediumconst  002E94
__pbssBANK1                    bssBANK1     0001E0
__pbssCOMRAM                   bssCOMRAM    00003C
__pcinit                       cinit        00268C
__pcstackBANK1                 cstackBANK1  000100
__pcstackCOMRAM                cstackCOMRAM 000001
__pdataBANK0                   dataBANK0    000060
__pdataBANK1                   dataBANK1    0001B0
__pdataCOMRAM                  dataCOMRAM   00005A
__pidataBANK0                  idataBANK0   002952
__pidataBANK1                  idataBANK1   002BA2
__pidataCOMRAM                 idataCOMRAM  002DDE
__pintcode                     intcode      000008
__pintcode_body                intcode_body 002A1A
__pmediumconst                 mediumconst  002E94
__ptext0                       text0        000012
__ptext1                       text1        002BD2
__ptext10                      text10       002D18
__ptext11                      text11       002C2C
__ptext12                      text12       002CE4
__ptext13                      text13       002D2E
__ptext14                      text14       002D6C
__ptext15                      text15       002D44
__ptext16                      text16       002AAE
__ptext17                      text17       002CC6
__ptext18                      text18       0025E4
__ptext19                      text19       002CA6
__ptext2                       text2        002AF2
__ptext20                      text20       002710
__ptext21                      text21       002C56
__ptext22                      text22       002DA0
__ptext23                      text23       002DB8
__ptext24                      text24       002DC0
__ptext25                      text25       002DC8
__ptext26                      text26       002DAC
__ptext27                      text27       002DD0
__ptext28                      text28       002D7E
__ptext29                      text29       002DD8
__ptext3                       text3        00287A
__ptext30                      text30       002D90
__ptext31                      text31       0028E6
__ptext32                      text32       002D00
__ptext33                      text33       002B32
__ptext34                      text34       0020AE
__ptext35                      text35       002C80
__ptext36                      text36       0029B6
__ptext37                      text37       002806
__ptext38                      text38       00236A
__ptext39                      text39       001D14
__ptext4                       text4        002790
__ptext40                      text40       002534
__ptext41                      text41       002470
__ptext5                       text5        002262
__ptext6                       text6        002D5A
__ptext7                       text7        002C02
__ptext8                       text8        002A68
__ptext9                       text9        002B6C
__ramtop                       ramtop       000600
__smallconst                   smallconst   000000
_calender_reg                  bssCOMRAM    000047
_clcd_print                    text31       0028E6
_clcd_putch                    text32       002D00
_clcd_write                    text33       002B32
_clock_reg                     bssCOMRAM    00004B
_count                         dataBANK1    0001BA
_date                          bssCOMRAM    00003C
_display_time                  text30       002D90
_ev                            dataBANK1    0001BC
_get_time                      text20       002710
_i2c_idle                      text28       002D7E
_i2c_no_ack                    text29       002DD8
_i2c_read                      text26       002DAC
_i2c_rep_start                 text25       002DC8
_i2c_rx_mode                   text27       002DD0
_i2c_start                     text24       002DC0
_i2c_stop                      text23       002DB8
_i2c_write                     text22       002DA0
_init_adc                      text19       002CA6
_init_clcd                     text18       0025E4
_init_config                   text12       002CE4
_init_ds1307                   text16       002AAE
_init_i2c                      text15       002D44
_init_matrix_keypad            text14       002D6C
_init_timer0                   text13       002D2E
_init_uart                     text11       002C2C
_isr                           intcode      000008
_main                          text0        000012
_main$1250                     cstackBANK1  00012E
_menu                          dataBANK0    000060
_o_flag                        bssBANK1     0001F1
_pq                            dataCOMRAM   00005A
_putch                         text10       002D18
_puts                          text9        002B6C
_read_adc                      text8        002A68
_read_ds1307                   text21       002C56
_read_ext_eeprom               text7        002C02
_read_internal_eeprom          text6        002D5A
_read_switches                 text4        002790
_scan_key                      text5        002262
_strcmp                        text3        00287A
_time                          bssCOMRAM    000051
_write_ds1307                  text17       002CC6
_write_ext_eeprom              text2        002AF2
_write_internal_eeprom         text1        002BD2
btemp                          temp         00005D
clcd_print@addr                cstackCOMRAM 000009
clcd_print@data                cstackCOMRAM 000007
clcd_putch@addr                cstackCOMRAM 00000F
clcd_putch@data                cstackCOMRAM 000010
clcd_write@byte                cstackCOMRAM 000002
clcd_write@control_bit         cstackCOMRAM 000001
end_of_initialization          cinit        002702
i2c_write@data                 cstackCOMRAM 000001
init_ds1307@dummy              cstackCOMRAM 000011
int$flags                      temp         00005D
int_func                       intcode_body 002A1A
intlevel0                      text         000000
intlevel1                      text         000000
intlevel2                      text         000000
intlevel3                      text         000000
isa$std                        (abs)        000001
isa$xinst                      (abs)        000000
isr@count1                     bssCOMRAM    00004E
main@F10708                    dataBANK1    0001B0
main@a                         cstackBANK1  0001A9
main@ad                        cstackBANK1  00016F
main@ad_206                    cstackBANK1  000171
main@ad_239                    cstackBANK1  000173
main@ad_244                    cstackBANK1  000175
main@adc_reg_val               cstackBANK1  0001A1
main@address                   bssBANK1     0001EF
main@arr                       cstackBANK1  000187
main@array                     cstackBANK1  000100
main@attempt                   cstackBANK1  00016B
main@bsw                       cstackBANK1  000165
main@c                         cstackBANK1  00010A
main@cf                        cstackBANK1  000136
main@comeback                  cstackBANK1  000112
main@d                         cstackBANK1  0001AA
main@de                        cstackBANK1  000167
main@del                       cstackBANK1  000134
main@del1                      cstackBANK1  000138
main@del23                     cstackBANK1  00013A
main@del24                     cstackBANK1  000157
main@del25                     cstackBANK1  000110
main@delay1234                 cstackBANK1  000185
main@eevent1                   cstackBANK1  000146
main@eevent10                  cstackBANK1  00014F
main@eevent2                   cstackBANK1  000147
main@eevent3                   cstackBANK1  000148
main@eevent4                   cstackBANK1  000149
main@eevent5                   cstackBANK1  00014A
main@eevent6                   cstackBANK1  00014B
main@eevent7                   cstackBANK1  00014C
main@eevent8                   cstackBANK1  00014D
main@eevent9                   cstackBANK1  00014E
main@enter_password            cstackBANK1  000116
main@enter_password1           cstackBANK1  00011B
main@enter_password2           cstackBANK1  000150
main@event1                    cstackBANK1  00013C
main@event10                   cstackBANK1  000145
main@event2                    cstackBANK1  00013D
main@event3                    cstackBANK1  00013E
main@event4                    cstackBANK1  00013F
main@event5                    cstackBANK1  000140
main@event6                    cstackBANK1  000141
main@event7                    cstackBANK1  000142
main@event8                    cstackBANK1  000143
main@event9                    cstackBANK1  000144
main@flag                      cstackBANK1  00010C
main@g                         cstackBANK1  0001A5
main@h                         cstackBANK1  000120
main@h1                        cstackBANK1  000122
main@hour                      cstackBANK1  00015F
main@hour12                    cstackBANK1  000195
main@i                         cstackBANK1  00012C
main@key                       cstackBANK1  0001AC
main@key1                      cstackBANK1  00017F
main@key2                      cstackBANK1  00016D
main@key3                      cstackBANK1  000181
main@m                         cstackBANK1  000191
main@m1                        cstackBANK1  000126
main@m_263                     cstackBANK1  000124
main@minutes                   cstackBANK1  000161
main@minutes12                 cstackBANK1  000197
main@mode                      cstackBANK1  000177
main@once                      cstackBANK1  000155
main@once1                     cstackBANK1  00010E
main@p                         cstackBANK1  00019B
main@p1                        cstackBANK1  00019D
main@p2                        cstackBANK1  00019F
main@password                  bssBANK1     0001F2
main@pq1                       cstackBANK1  000183
main@prekey                    cstackBANK1  00015B
main@prekey2                   cstackBANK1  00015D
main@previous_g                cstackBANK1  000130
main@q                         cstackBANK1  000132
main@s                         cstackBANK1  0001A7
main@s1                        cstackBANK1  00012A
main@s_265                     cstackBANK1  000128
main@scv                       cstackBANK1  0001AE
main@seconds                   cstackBANK1  000163
main@seconds12                 cstackBANK1  000199
main@setf                      cstackBANK1  000114
main@settime                   cstackBANK1  000159
main@sflag                     cstackBANK1  000193
main@time1                     cstackBANK1  000179
main@time2                     cstackBANK1  00017B
main@time23                    cstackBANK1  00017D
main@x2                        cstackBANK1  0001A3
putch@byte                     cstackCOMRAM 000001
puts@s                         cstackCOMRAM 000002
read_adc@channel               cstackCOMRAM 000007
read_adc@reg_val               cstackCOMRAM 000005
read_ds1307@address            cstackCOMRAM 000002
read_ds1307@data               cstackCOMRAM 000003
read_ext_eeprom@address        cstackCOMRAM 000002
read_ext_eeprom@data           cstackCOMRAM 000003
read_internal_eeprom@address   cstackCOMRAM 000001
read_switches@detection_type   cstackCOMRAM 000001
read_switches@key              bssCOMRAM    000050
read_switches@once             dataCOMRAM   00005C
stackhi                        (abs)        000000
stacklo                        (abs)        000000
start                          init         00000E
start_initialization           cinit        00268C
strcmp@l                       cstackCOMRAM 000001
strcmp@r                       cstackCOMRAM 000003
ttemp5                         temp         00005E
ttemp6                         temp         000061
ttemp7                         temp         000065
write_ds1307@address           cstackCOMRAM 000010
write_ds1307@data              cstackCOMRAM 00000F
write_ext_eeprom@address       cstackCOMRAM 000005
write_ext_eeprom@data          cstackCOMRAM 000002
write_ext_eeprom@i             cstackCOMRAM 000003
write_internal_eeprom@address  cstackCOMRAM 000002
write_internal_eeprom@data     cstackCOMRAM 000001
wtemp8                         temp         00005E


MODULE INFORMATION

Module		Function		Class		Link	Load	Size
C:\Program Files\Microchip\xc8\v2.45\pic\sources\c99\common\Umul16.c
		___wmul        		CODE           	2C80	0000	38

C:\Program Files\Microchip\xc8\v2.45\pic\sources\c99\common\Umul16.c estimated size: 38

matrix_keypad.c
		_init_matrix_keypad		CODE           	2D6C	0000	18
		_read_switches 		CODE           	2790	0000	118
		_scan_key      		CODE           	2262	0000	264

matrix_keypad.c estimated size: 400

uart.c
		_putch         		CODE           	2D18	0000	22
		_init_uart     		CODE           	2C2C	0000	42
		_puts          		CODE           	2B6C	0000	54

uart.c estimated size: 118

i2c.c
		_i2c_start     		CODE           	2DC0	0000	8
		_i2c_no_ack    		CODE           	2DD8	0000	6
		_i2c_rep_start 		CODE           	2DC8	0000	8
		_i2c_idle      		CODE           	2D7E	0000	18
		_i2c_write     		CODE           	2DA0	0000	12
		_i2c_stop      		CODE           	2DB8	0000	8
		_i2c_read      		CODE           	2DAC	0000	12
		_init_i2c      		CODE           	2D44	0000	22
		_i2c_rx_mode   		CODE           	2DD0	0000	8

i2c.c estimated size: 102

timer0.c
		_init_timer0   		CODE           	2D2E	0000	22

timer0.c estimated size: 22

ds1307.c
		_read_ds1307   		CODE           	2C56	0000	42
		_write_ds1307  		CODE           	2CC6	0000	30
		_init_ds1307   		CODE           	2AAE	0000	68

ds1307.c estimated size: 140

eeprom.c
		_read_internal_eeprom		CODE           	2D5A	0000	18
		_write_internal_eeprom		CODE           	2BD2	0000	48

eeprom.c estimated size: 66

adc.c
		_init_adc      		CODE           	2CA6	0000	32
		_read_adc      		CODE           	2A68	0000	70

adc.c estimated size: 102

C:\Program Files\Microchip\xc8\v2.45\pic\sources\c99\common\sprcdiv.c
		___fldiv       		CODE           	1D14	0000	922

C:\Program Files\Microchip\xc8\v2.45\pic\sources\c99\common\sprcdiv.c estimated size: 922

C:\Program Files\Microchip\xc8\v2.45\pic\sources\c99\common\lwmod.c
		___lwmod       		CODE           	29B6	0000	100

C:\Program Files\Microchip\xc8\v2.45\pic\sources\c99\common\lwmod.c estimated size: 100

C:\Program Files\Microchip\xc8\v2.45\pic\sources\c99\common\awmod.c
		___awmod       		CODE           	2534	0000	176

C:\Program Files\Microchip\xc8\v2.45\pic\sources\c99\common\awmod.c estimated size: 176

isr.c
		_isr           		CODE           	0008	0000	84

isr.c estimated size: 84

shared
		__initialization		CODE           	268C	0000	118

shared estimated size: 118

C:\Program Files\Microchip\xc8\v2.45\pic\sources\c99\common\xxtofl.c
		___xxtofl      		CODE           	20AE	0000	436

C:\Program Files\Microchip\xc8\v2.45\pic\sources\c99\common\xxtofl.c estimated size: 436

clcd.c
		_clcd_write    		CODE           	2B32	0000	58
		_clcd_print    		CODE           	28E6	0000	108
		_clcd_putch    		CODE           	2D00	0000	24
		_init_clcd     		CODE           	25E4	0000	168

clcd.c estimated size: 358

C:\Program Files\Microchip\xc8\v2.45\pic\sources\c99\common\strcmp.c
		_strcmp        		CODE           	287A	0000	108

C:\Program Files\Microchip\xc8\v2.45\pic\sources\c99\common\strcmp.c estimated size: 108

ext_eeprom.c
		_write_ext_eeprom		CODE           	2AF2	0000	64
		_read_ext_eeprom		CODE           	2C02	0000	42

ext_eeprom.c estimated size: 106

main.c
		_display_time  		CODE           	2D90	0000	16
		_main          		CODE           	0012	0000	7426
		_get_time      		CODE           	2710	0000	128
		_init_config   		CODE           	2CE4	0000	28

main.c estimated size: 7598

C:\Program Files\Microchip\xc8\v2.45\pic\sources\c99\common\lwdiv.c
		___lwdiv       		CODE           	2806	0000	116

C:\Program Files\Microchip\xc8\v2.45\pic\sources\c99\common\lwdiv.c estimated size: 116

C:\Program Files\Microchip\xc8\v2.45\pic\sources\c99\common\awdiv.c
		___awdiv       		CODE           	2470	0000	196

C:\Program Files\Microchip\xc8\v2.45\pic\sources\c99\common\awdiv.c estimated size: 196

C:\Program Files\Microchip\xc8\v2.45\pic\sources\c99\common\fltol.c
		___fltol       		CODE           	236A	0000	262

C:\Program Files\Microchip\xc8\v2.45\pic\sources\c99\common\fltol.c estimated size: 262

